MEMCACHED_AUTOSTART

Create a file in the /Library/LaunchDaemons/ directory with name memcached.plist having below content.

<?xml version="1.0" encoding="UTF-8"?>
<!DOCTYPE plist PUBLIC "-//Apple//DTD PLIST 1.0//EN" "http://www.apple.com/DTDs/PropertyList-1.0.dtd">
<plist version="1.0">
<dict>
<key>Label</key>
<string>com.danga.memcached</string>
<key>ProgramArguments</key>
<array>
<string>/usr/bin/memcached</string>
<string>-d</string>
<string>-u</string>
<string>root</string>
<string>-p</string>
<string>11211</string>
<string>-m</string>
<string>64</string>
</array>
<key>RunAtLoad</key>
<true/>
</dict>
</plist>


Installation
$ brew install memcached

The following command will show all memcached options.
$ memcached -h
There are several options to run memcached after the initial installation.

Run memcached from a terminal session.
$ memcached
Run memcached as a daemon.
$ memcached -d
Use launchctl to start memcached at login and keep it running.
Copy the provided launchctl plist file to ~/Library/LaunchAgents. I like keeping all of my launchctl plist files together.
$ cp /usr/local/Cellar/memcached/1.4.15/homebrew.mxcl.memcached.plist ~/Library/LaunchAgents/
Load the memcached plist file.
$ launchctl load -w ~/Library/LaunchAgents/homebrew.mxcl.memcached.plist
You can stop the memcached service with the following command.
$ launchctl unload -w ~/Library/LaunchAgents/homebrew.mxcl.memcached.plist
If you drop the “-w” from the previous two commands, memcache will not load automatically when you restart your Mac. This may be the way you want to run memcached so it doesn’t take up system resources when you don’t need it.
The following command will show you if the memcached service is loaded in the launchd system. If you get a line returned, it is running.
$ launchctl list | grep memcached




launchctl remove com.apple.geod
launchctl remove com.apple.distnoted.xpc.agent
launchctl remove com.valvesoftware.steamclean
launchctl remove com.valvesoftware.steam.ipctool
launchctl remove com.apple.cloudphotod
com.apple.SafariBookmarksSyncAgent
com.apple.AddressBook.ContactsAccountsService
com.apple.scopedbookmarksagent.xpc
com.apple.AddressBook.abd
com.apple.AirPlayUIAgent
com.apple.photolibraryd
launchctl remove com.apple.Safari.SafeBrowsing.Service
launchctl remove com.apple.cloudd
launchctl remove com.apple.diagnostics_agent
launchctl remove com.apple.speech.speechsynthesisd.x86_64
launchctl remove com.apple.CallHistoryPluginHelper
launchctl remove com.apple.avatarsd
launchctl remove com.apple.siri.context.service
launchctl remove com.apple.followupd
launchctl remove com.apple.telephonyutilities.callservicesd
launchctl remove com.apple.storedownloadd
launchctl remove com.apple.rapportd
launchctl remove com.apple.SoftwareUpdateNotificationManager
launchctl remove com.apple.CalendarAgent
launchctl remove com.apple.familycircled
launchctl remove com.apple.imagent
launchctl remove com.apple.photoanalysisd
launchctl remove com.apple.suggestd
launchctl remove com.apple.icloud.fmfd
launchctl remove com.apple.scopedbookmarksagent.xpc
launchctl remove com.apple.ReportCrash
launchctl remove com.apple.UsageTrackingAgent
launchctl remove com.apple.Maps.mapspushd
launchctl remove com.apple.knowledge-agent
launchctl remove com.apple.wifi.WiFiAgent
launchctl remove com.apple.podcasts.PodcastContentService
launchctl remove com.apple.spindump_agent
launchctl remove com.apple.amsengagementd
launchctl remove com.apple.SafariLaunchAgent
launchctl remove com.apple.appstoreagent
launchctl remove com.apple.speech.speechsynthesisd.arm64
launchctl remove com.apple.MRTa
launchctl remove com.apple.triald

brew cask install launchcontrol - устанавливаем графический интерфейс для запуска скриптов
$ brew search launchcontrol
==> Casks
launchcontrol ✔

(env) imac-jocker:selenium jocker$ launchctl unload /home/jocker/Library/LaunchAgents/my.a223.tests.plist
(env) imac-jocker:selenium jocker$ launchctl load /home/jocker/Library/LaunchAgents/my.a223.tests.plist
(env) imac-jocker:selenium jocker$ launchctl list|grep a223
-	0	my.a223.tests



$ sudo launchctl load -w /System/Library/LaunchDaemons/ssh.plist


    /System/Library/LaunchDaemons for native macOS processes
    /Library/LaunchDaemons for installed third-party apps



    /Library/LaunchAgents for all user accounts
    ~/Library/LaunchAgents for a specific user account
    /System/Library/LaunchAgents for macOS only


launchctl list
launchctl remove name
launchctl remove com.annoying.service

launchctl unload -w /System/Library/LaunchDaemons/com.apple.photolibraryd


# ----------------------------------
# Демо для запуска питонячьего файла
# из ~/Library/LaunchAgents/
# каждую минуту
# ----------------------------------
(env) imac-jocker:selenium jocker$ launchctl load /home/jocker/Library/LaunchAgents/my.a223.tests.plist
(env) imac-jocker:selenium jocker$ launchctl unload /home/jocker/Library/LaunchAgents/my.a223.tests.plist
(env) imac-jocker:selenium jocker$ cat /home/jocker/Library/LaunchAgents/my.a223.tests.plist

<?xml version="1.0" encoding="UTF-8"?>
<!DOCTYPE plist PUBLIC "-//Apple//DTD PLIST 1.0//EN" "http://www.apple.com/DTDs/PropertyList-1.0.dtd">
<plist version="1.0">
<dict>
    <key>Disabled</key>
    <false/>
    <key>EnvironmentVariables</key>
    <dict>
	<key>PATH</key>
	<string>/Users/jocker/selenium/env/bin</string>
	<key>PYTHONPATH</key>
	<string>/Users/jocker/selenium/env/lib/python3.6/site-packages</string>
    </dict>
    <key>Label</key>
    <string>my.a223.tests</string>
    <key>Nice</key>
    <integer>1</integer>
    <key>ProgramArguments</key>
    <array>
	<string>/Users/jocker/selenium/env/bin/pytest</string>
	<string>--cache-clear</string>
	<string>/Users/jocker/selenium/a223.py</string>
	<string>-s</string>
    </array>
    <key>StandardErrorPath</key>
    <string>/Users/jocker/my_a223_err.txt</string>
    <key>StandardOutPath</key>
    <string>/Users/jocker/my_a223_out.txt</string>
    <key>StartInterval</key>
    <integer>2500</integer>
</dict>
</plist>



# Выгружаем нахер всякое говно

ls -l /System/Library/LaunchAgents/|grep stud
-rw-r--r--  1 root  wheel  1579 Jun 17  2020 com.apple.macos.studentd.plist
launchctl unload -w /System/Library/LaunchAgents/com.apple.macos.studentd.plist

ls -l /System/Library/LaunchDaemons/|grep air
-rw-r--r--  1 root  wheel     553 Aug 28  2020 com.apple.airport.wps.plist
-rw-r--r--  1 root  wheel    1184 Aug 28  2020 com.apple.airportd.plist
-rw-r--r--  1 root  wheel     553 Jun  6  2020 com.apple.remotepairtool.plist



sudo launchctl remove com.apple.AddressBook.abd
sudo launchctl remove com.apple.CallHistoryPluginHelper
sudo launchctl remove com.apple.DiagnosticReportCleanup.plist
sudo launchctl remove com.apple.ReportCrash
sudo launchctl remove com.apple.ReportCrash.Self
sudo launchctl remove com.apple.ReportPanic
sudo launchctl remove com.apple.Safari.SafeBrowsing.Service
sudo launchctl remove com.apple.SafariCloudHistoryPushAgent
sudo launchctl remove com.apple.SafariHistoryServiceAgent
sudo launchctl remove com.apple.SafariLaunchAgent
sudo launchctl remove com.apple.SafariNotificationAgent
sudo launchctl remove com.apple.SafariPlugInUpdateNotifier
sudo launchctl remove com.apple.SafariPlugInUpdateNotifier
sudo launchctl remove com.apple.TrustEvaluationAgent
sudo launchctl remove com.apple.ap.adprivacyd
sudo launchctl remove com.apple.ap.adprivacyd
sudo launchctl remove com.apple.appstoreagent
sudo launchctl remove com.apple.familycircled
sudo launchctl remove com.apple.gamed.plist
sudo launchctl remove com.apple.helpd
sudo launchctl remove com.apple.iTunesHelper.launcher
sudo launchctl remove com.apple.mobiledeviceupdater
sudo launchctl remove com.apple.safaridavclient
sudo launchctl remove com.apple.screensharing.MessagesAgent
sudo launchctl remove com.apple.siriknowledged
sudo launchctl remove com.apple.softwareupdate_notify_agent

# disable sending of crash reports to Apple (SubmitDiagInfo)
sudo launchctl remove com.apple.SubmitDiagInfo.plist


# disable photolibraryd
# com.apple.photomoments.xpc tries to access the internet without any reason and authorisation
# photos.app stops working after this
sudo launchctl remove com.apple.photolibraryd
sudo launchctl remove com.apple.cloudphotosd
# after restart they show up here
sudo launchctl remove com.apple.photolibraryd.plist
sudo launchctl remove com.apple.cloudphotosd.plist

# disable Apple Push Notification Service (apsd)
# FaceTime could complain
sudo launchctl remove com.apple.apsd.plist